// Jest Snapshot v1, https://goo.gl/fbAQLP

exports[`<Result /> should match the snapshot 1`] = `
<input
  class="with-password"
  disabled=""
  id="password"
  type="text"
  value="123"
/>
`;
